Archive member included to satisfy reference by file (symbol)

c:/st/stm32cubeide_1.7.0/stm32cubeide/plugins/com.st.stm32cube.ide.mcu.externaltools.gnu-tools-for-stm32.9-2020-q2-update.win32_2.0.0.202105311346/tools/bin/../lib/gcc/arm-none-eabi/9.3.1/../../../../arm-none-eabi/lib/thumb/v7-m/nofp\libc_nano.a(lib_a-errno.o)
                              ./Core/Src/syscalls.o (__errno)
c:/st/stm32cubeide_1.7.0/stm32cubeide/plugins/com.st.stm32cube.ide.mcu.externaltools.gnu-tools-for-stm32.9-2020-q2-update.win32_2.0.0.202105311346/tools/bin/../lib/gcc/arm-none-eabi/9.3.1/../../../../arm-none-eabi/lib/thumb/v7-m/nofp\libc_nano.a(lib_a-exit.o)
                              c:/st/stm32cubeide_1.7.0/stm32cubeide/plugins/com.st.stm32cube.ide.mcu.externaltools.gnu-tools-for-stm32.9-2020-q2-update.win32_2.0.0.202105311346/tools/bin/../lib/gcc/arm-none-eabi/9.3.1/../../../../arm-none-eabi/lib/thumb/v7-m/nofp/crt0.o (exit)
c:/st/stm32cubeide_1.7.0/stm32cubeide/plugins/com.st.stm32cube.ide.mcu.externaltools.gnu-tools-for-stm32.9-2020-q2-update.win32_2.0.0.202105311346/tools/bin/../lib/gcc/arm-none-eabi/9.3.1/../../../../arm-none-eabi/lib/thumb/v7-m/nofp\libc_nano.a(lib_a-impure.o)
                              c:/st/stm32cubeide_1.7.0/stm32cubeide/plugins/com.st.stm32cube.ide.mcu.externaltools.gnu-tools-for-stm32.9-2020-q2-update.win32_2.0.0.202105311346/tools/bin/../lib/gcc/arm-none-eabi/9.3.1/../../../../arm-none-eabi/lib/thumb/v7-m/nofp\libc_nano.a(lib_a-exit.o) (_global_impure_ptr)
c:/st/stm32cubeide_1.7.0/stm32cubeide/plugins/com.st.stm32cube.ide.mcu.externaltools.gnu-tools-for-stm32.9-2020-q2-update.win32_2.0.0.202105311346/tools/bin/../lib/gcc/arm-none-eabi/9.3.1/../../../../arm-none-eabi/lib/thumb/v7-m/nofp\libc_nano.a(lib_a-init.o)
                              c:/st/stm32cubeide_1.7.0/stm32cubeide/plugins/com.st.stm32cube.ide.mcu.externaltools.gnu-tools-for-stm32.9-2020-q2-update.win32_2.0.0.202105311346/tools/bin/../lib/gcc/arm-none-eabi/9.3.1/../../../../arm-none-eabi/lib/thumb/v7-m/nofp/crt0.o (__libc_init_array)
c:/st/stm32cubeide_1.7.0/stm32cubeide/plugins/com.st.stm32cube.ide.mcu.externaltools.gnu-tools-for-stm32.9-2020-q2-update.win32_2.0.0.202105311346/tools/bin/../lib/gcc/arm-none-eabi/9.3.1/../../../../arm-none-eabi/lib/thumb/v7-m/nofp\libc_nano.a(lib_a-malloc.o)
                              ./Core/Src/scheduler.o (malloc)
c:/st/stm32cubeide_1.7.0/stm32cubeide/plugins/com.st.stm32cube.ide.mcu.externaltools.gnu-tools-for-stm32.9-2020-q2-update.win32_2.0.0.202105311346/tools/bin/../lib/gcc/arm-none-eabi/9.3.1/../../../../arm-none-eabi/lib/thumb/v7-m/nofp\libc_nano.a(lib_a-memset.o)
                              c:/st/stm32cubeide_1.7.0/stm32cubeide/plugins/com.st.stm32cube.ide.mcu.externaltools.gnu-tools-for-stm32.9-2020-q2-update.win32_2.0.0.202105311346/tools/bin/../lib/gcc/arm-none-eabi/9.3.1/../../../../arm-none-eabi/lib/thumb/v7-m/nofp/crt0.o (memset)
c:/st/stm32cubeide_1.7.0/stm32cubeide/plugins/com.st.stm32cube.ide.mcu.externaltools.gnu-tools-for-stm32.9-2020-q2-update.win32_2.0.0.202105311346/tools/bin/../lib/gcc/arm-none-eabi/9.3.1/../../../../arm-none-eabi/lib/thumb/v7-m/nofp\libc_nano.a(lib_a-nano-freer.o)
                              c:/st/stm32cubeide_1.7.0/stm32cubeide/plugins/com.st.stm32cube.ide.mcu.externaltools.gnu-tools-for-stm32.9-2020-q2-update.win32_2.0.0.202105311346/tools/bin/../lib/gcc/arm-none-eabi/9.3.1/../../../../arm-none-eabi/lib/thumb/v7-m/nofp\libc_nano.a(lib_a-malloc.o) (_free_r)
c:/st/stm32cubeide_1.7.0/stm32cubeide/plugins/com.st.stm32cube.ide.mcu.externaltools.gnu-tools-for-stm32.9-2020-q2-update.win32_2.0.0.202105311346/tools/bin/../lib/gcc/arm-none-eabi/9.3.1/../../../../arm-none-eabi/lib/thumb/v7-m/nofp\libc_nano.a(lib_a-nano-mallocr.o)
                              c:/st/stm32cubeide_1.7.0/stm32cubeide/plugins/com.st.stm32cube.ide.mcu.externaltools.gnu-tools-for-stm32.9-2020-q2-update.win32_2.0.0.202105311346/tools/bin/../lib/gcc/arm-none-eabi/9.3.1/../../../../arm-none-eabi/lib/thumb/v7-m/nofp\libc_nano.a(lib_a-malloc.o) (_malloc_r)
c:/st/stm32cubeide_1.7.0/stm32cubeide/plugins/com.st.stm32cube.ide.mcu.externaltools.gnu-tools-for-stm32.9-2020-q2-update.win32_2.0.0.202105311346/tools/bin/../lib/gcc/arm-none-eabi/9.3.1/../../../../arm-none-eabi/lib/thumb/v7-m/nofp\libc_nano.a(lib_a-sbrkr.o)
                              c:/st/stm32cubeide_1.7.0/stm32cubeide/plugins/com.st.stm32cube.ide.mcu.externaltools.gnu-tools-for-stm32.9-2020-q2-update.win32_2.0.0.202105311346/tools/bin/../lib/gcc/arm-none-eabi/9.3.1/../../../../arm-none-eabi/lib/thumb/v7-m/nofp\libc_nano.a(lib_a-nano-mallocr.o) (_sbrk_r)
c:/st/stm32cubeide_1.7.0/stm32cubeide/plugins/com.st.stm32cube.ide.mcu.externaltools.gnu-tools-for-stm32.9-2020-q2-update.win32_2.0.0.202105311346/tools/bin/../lib/gcc/arm-none-eabi/9.3.1/../../../../arm-none-eabi/lib/thumb/v7-m/nofp\libc_nano.a(lib_a-mlock.o)
[...]
Memory Configuration

Name             Origin             Length             Attributes
RAM              0x0000000020000000 0x0000000000002800 xrw
FLASH            0x0000000008000000 0x0000000000008000 xr
*default*        0x0000000000000000 0xffffffffffffffff

Linker script and memory map

LOAD c:/st/stm32cubeide_1.7.0/stm32cubeide/plugins/com.st.stm32cube.ide.mcu.externaltools.gnu-tools-for-stm32.9-2020-q2-update.win32_2.0.0.202105311346/tools/bin/../lib/gcc/arm-none-eabi/9.3.1/thumb/v7-m/nofp/crti.o
LOAD c:/st/stm32cubeide_1.7.0/stm32cubeide/plugins/com.st.stm32cube.ide.mcu.externaltools.gnu-tools-for-stm32.9-2020-q2-update.win32_2.0.0.202105311346/tools/bin/../lib/gcc/arm-none-eabi/9.3.1/thumb/v7-m/nofp/crtbegin.o
LOAD c:/st/stm32cubeide_1.7.0/stm32cubeide/plugins/com.st.stm32cube.ide.mcu.externaltools.gnu-tools-for-stm32.9-2020-q2-update.win32_2.0.0.202105311346/tools/bin/../lib/gcc/arm-none-eabi/9.3.1/../../../../arm-none-eabi/lib/thumb/v7-m/nofp/crt0.o
LOAD ./Core/Src/7SEG_LEDs.o
LOAD ./Core/Src/LEDs.o
LOAD ./Core/Src/button.o
LOAD ./Core/Src/fsm_mode.o
LOAD ./Core/Src/global.o
LOAD ./Core/Src/main.o
LOAD ./Core/Src/scheduler.o
LOAD ./Core/Src/software_timer.o
LOAD ./Core/Src/stm32f1xx_hal_msp.o
LOAD ./Core/Src/stm32f1xx_it.o
LOAD ./Core/Src/syscalls.o
LOAD ./Core/Src/sysmem.o
LOAD ./Core/Src/system_stm32f1xx.o
LOAD ./Core/Startup/startup_stm32f103c6ux.o
LOAD ./Drivers/STM32F1xx_HAL_Driver/Src/stm32f1xx_hal.o
LOAD ./Drivers/STM32F1xx_HAL_Driver/Src/stm32f1xx_hal_cortex.o
LOAD ./Drivers/STM32F1xx_HAL_Driver/Src/stm32f1xx_hal_dma.o
LOAD ./Drivers/STM32F1xx_HAL_Driver/Src/stm32f1xx_hal_exti.o
LOAD ./Drivers/STM32F1xx_HAL_Driver/Src/stm32f1xx_hal_flash.o
LOAD ./Drivers/STM32F1xx_HAL_Driver/Src/stm32f1xx_hal_flash_ex.o
LOAD ./Drivers/STM32F1xx_HAL_Driver/Src/stm32f1xx_hal_gpio.o
LOAD ./Drivers/STM32F1xx_HAL_Driver/Src/stm32f1xx_hal_gpio_ex.o
LOAD ./Drivers/STM32F1xx_HAL_Driver/Src/stm32f1xx_hal_pwr.o
LOAD ./Drivers/STM32F1xx_HAL_Driver/Src/stm32f1xx_hal_rcc.o
LOAD ./Drivers/STM32F1xx_HAL_Driver/Src/stm32f1xx_hal_rcc_ex.o
LOAD ./Drivers/STM32F1xx_HAL_Driver/Src/stm32f1xx_hal_tim.o
LOAD ./Drivers/STM32F1xx_HAL_Driver/Src/stm32f1xx_hal_tim_ex.o
START GROUP
LOAD c:/st/stm32cubeide_1.7.0/stm32cubeide/plugins/com.st.stm32cube.ide.mcu.externaltools.gnu-tools-for-stm32.9-2020-q2-update.win32_2.0.0.202105311346/tools/bin/../lib/gcc/arm-none-eabi/9.3.1/../../../../arm-none-eabi/lib/thumb/v7-m/nofp\libc_nano.a
LOAD c:/st/stm32cubeide_1.7.0/stm32cubeide/plugins/com.st.stm32cube.ide.mcu.externaltools.gnu-tools-for-stm32.9-2020-q2-update.win32_2.0.0.202105311346/tools/bin/../lib/gcc/arm-none-eabi/9.3.1/../../../../arm-none-eabi/lib/thumb/v7-m/nofp\libm.a
END GROUP
START GROUP
LOAD c:/st/stm32cubeide_1.7.0/stm32cubeide/plugins/com.st.stm32cube.ide.mcu.externaltools.gnu-tools-for-stm32.9-2020-q2-update.win32_2.0.0.202105311346/tools/bin/../lib/gcc/arm-none-eabi/9.3.1/thumb/v7-m/nofp\libgcc.a
LOAD c:/st/stm32cubeide_1.7.0/stm32cubeide/plugins/com.st.stm32cube.ide.mcu.externaltools.gnu-tools-for-stm32.9-2020-q2-update.win32_2.0.0.202105311346/tools/bin/../lib/gcc/arm-none-eabi/9.3.1/../../../../arm-none-eabi/lib/thumb/v7-m/nofp\libc_nano.a
END GROUP
START GROUP
LOAD c:/st/stm32cubeide_1.7.0/stm32cubeide/plugins/com.st.stm32cube.ide.mcu.externaltools.gnu-tools-for-stm32.9-2020-q2-update.win32_2.0.0.202105311346/tools/bin/../lib/gcc/arm-none-eabi/9.3.1/thumb/v7-m/nofp\libgcc.a
LOAD c:/st/stm32cubeide_1.7.0/stm32cubeide/plugins/com.st.stm32cube.ide.mcu.externaltools.gnu-tools-for-stm32.9-2020-q2-update.win32_2.0.0.202105311346/tools/bin/../lib/gcc/arm-none-eabi/9.3.1/../../../../arm-none-eabi/lib/thumb/v7-m/nofp\libc_nano.a
LOAD c:/st/stm32cubeide_1.7.0/stm32cubeide/plugins/com.st.stm32cube.ide.mcu.externaltools.gnu-tools-for-stm32.9-2020-q2-update.win32_2.0.0.202105311346/tools/bin/../lib/gcc/arm-none-eabi/9.3.1/../../../../arm-none-eabi/lib/thumb/v7-m/nofp\libnosys.a
END GROUP
START GROUP
LOAD c:/st/stm32cubeide_1.7.0/stm32cubeide/plugins/com.st.stm32cube.ide.mcu.externaltools.gnu-tools-for-stm32.9-2020-q2-update.win32_2.0.0.202105311346/tools/bin/../lib/gcc/arm-none-eabi/9.3.1/thumb/v7-m/nofp\libgcc.a
LOAD c:/st/stm32cubeide_1.7.0/stm32cubeide/plugins/com.st.stm32cube.ide.mcu.externaltools.gnu-tools-for-stm32.9-2020-q2-update.win32_2.0.0.202105311346/tools/bin/../lib/gcc/arm-none-eabi/9.3.1/../../../../arm-none-eabi/lib/thumb/v7-m/nofp\libc_nano.a
LOAD c:/st/stm32cubeide_1.7.0/stm32cubeide/plugins/com.st.stm32cube.ide.mcu.externaltools.gnu-tools-for-stm32.9-2020-q2-update.win32_2.0.0.202105311346/tools/bin/../lib/gcc/arm-none-eabi/9.3.1/../../../../arm-none-eabi/lib/thumb/v7-m/nofp\libnosys.a
END GROUP
LOAD c:/st/stm32cubeide_1.7.0/stm32cubeide/plugins/com.st.stm32cube.ide.mcu.externaltools.gnu-tools-for-stm32.9-2020-q2-update.win32_2.0.0.202105311346/tools/bin/../lib/gcc/arm-none-eabi/9.3.1/thumb/v7-m/nofp/crtend.o
LOAD c:/st/stm32cubeide_1.7.0/stm32cubeide/plugins/com.st.stm32cube.ide.mcu.externaltools.gnu-tools-for-stm32.9-2020-q2-update.win32_2.0.0.202105311346/tools/bin/../lib/gcc/arm-none-eabi/9.3.1/thumb/v7-m/nofp/crtn.o
                0x0000000020002800                _estack = (ORIGIN (RAM) + LENGTH (RAM))
                0x0000000000000200                _Min_Heap_Size = 0x200
                0x0000000000000400                _Min_Stack_Size = 0x400

.isr_vector     0x0000000008000000      0x10c
                0x0000000008000000                . = ALIGN (0x4)
 *(.isr_vector)
 .isr_vector    0x0000000008000000      0x10c ./Core/Startup/startup_stm32f103c6ux.o
                0x0000000008000000                g_pfnVectors
                0x000000000800010c                . = ALIGN (0x4)

.text           0x000000000800010c     0x2c3c
                0x000000000800010c                . = ALIGN (0x4)
 *(.text)
 .text          0x000000000800010c       0x40 c:/st/stm32cubeide_1.7.0/stm32cubeide/plugins/com.st.stm32cube.ide.mcu.externaltools.gnu-tools-for-stm32.9-2020-q2-update.win32_2.0.0.202105311346/tools/bin/../lib/gcc/arm-none-eabi/9.3.1/thumb/v7-m/nofp/crtbegin.o
 *(.text*)
 .text.display7SEG
                0x000000000800014c       0x28 ./Core/Src/7SEG_LEDs.o
                0x000000000800014c                display7SEG
 .text.update7SEG
                0x0000000008000174       0x84 ./Core/Src/7SEG_LEDs.o
                0x0000000008000174                update7SEG
 .text.updateBufferForMode1
                0x00000000080001f8       0xac ./Core/Src/7SEG_LEDs.o
                0x00000000080001f8                updateBufferForMode1
 .text.updateBufferForIncVal
                0x00000000080002a4       0x84 ./Core/Src/7SEG_LEDs.o
                0x00000000080002a4                updateBufferForIncVal
 .text.fsmIncVal
                0x0000000008000328      0x304 ./Core/Src/7SEG_LEDs.o
                0x0000000008000328                fsmIncVal
 .text.fsm_Hori_LEDs
                0x000000000800062c       0xbc ./Core/Src/LEDs.o
                0x000000000800062c                fsm_Hori_LEDs
 .text.fsm_Verti_LEDs
                0x00000000080006e8       0xbc ./Core/Src/LEDs.o
                0x00000000080006e8                fsm_Verti_LEDs
 .text.LEDsDisplay
                0x00000000080007a4       0xd0 ./Core/Src/LEDs.o
                0x00000000080007a4                LEDsDisplay
 .text.isButtonPressed
                0x0000000008000874       0x34 ./Core/Src/button.o
                0x0000000008000874                isButtonPressed
 .text.getKeyInput
                0x00000000080008a8      0x17c ./Core/Src/button.o
                0x00000000080008a8                getKeyInput
 .text.fsm_mode
                0x0000000008000a24      0x244 ./Core/Src/fsm_mode.o
                0x0000000008000a24                fsm_mode
 .text.seg_leds
                0x0000000008000c68       0xd4 ./Core/Src/fsm_mode.o
                0x0000000008000c68                seg_leds
 .text.set_init
                0x0000000008000d3c       0x58 ./Core/Src/fsm_mode.o
                0x0000000008000d3c                set_init
 .text.HAL_TIM_PeriodElapsedCallback
                0x0000000008000d94       0x1c ./Core/Src/main.o
                0x0000000008000d94                HAL_TIM_PeriodElapsedCallback
 .text.main     0x0000000008000db0       0x2c ./Core/Src/main.o
                0x0000000008000db0                main
 .text.SystemClock_Config
                0x0000000008000ddc       0x76 ./Core/Src/main.o
                0x0000000008000ddc                SystemClock_Config
 *fill*         0x0000000008000e52        0x2 
 .text.MX_TIM2_Init
                0x0000000008000e54       0x98 ./Core/Src/main.o
 .text.MX_GPIO_Init
                0x0000000008000eec       0xc4 ./Core/Src/main.o
 .text.Error_Handler
                0x0000000008000fb0        0xa ./Core/Src/main.o
                0x0000000008000fb0                Error_Handler
 .text.CreateNode
                0x0000000008000fba       0x58 ./Core/Src/scheduler.o
                0x0000000008000fba                CreateNode
 .text.AddTask  0x0000000008001012       0xc8 ./Core/Src/scheduler.o
                0x0000000008001012                AddTask
 .text.DeleteTask
                0x00000000080010da       0x2e ./Core/Src/scheduler.o
                0x00000000080010da                DeleteTask
 .text.SCH_Init
                0x0000000008001108       0x20 ./Core/Src/scheduler.o
                0x0000000008001108                SCH_Init
 .text.SCH_Add_Task
                0x0000000008001128       0x58 ./Core/Src/scheduler.o
                0x0000000008001128                SCH_Add_Task
 .text.SCH_Dispatch_Tasks
                0x0000000008001180       0x8c ./Core/Src/scheduler.o
                0x0000000008001180                SCH_Dispatch_Tasks
 .text.SCH_Update
                0x000000000800120c       0x38 ./Core/Src/scheduler.o
                0x000000000800120c                SCH_Update
 .text.SCH_Testing
                0x0000000008001244       0x40 ./Core/Src/scheduler.o
                0x0000000008001244                SCH_Testing
 .text.Current_Timer_Counter
                0x0000000008001284       0x20 ./Core/Src/software_timer.o
                0x0000000008001284                Current_Timer_Counter
 .text.IsTimerUp
                0x00000000080012a4       0x28 ./Core/Src/software_timer.o
                0x00000000080012a4                IsTimerUp
 .text.setTimer
                0x00000000080012cc       0x30 ./Core/Src/software_timer.o
                0x00000000080012cc                setTimer
 .text.timerRun
                0x00000000080012fc       0x60 ./Core/Src/software_timer.o
                0x00000000080012fc                timerRun
 .text.HAL_MspInit
                0x000000000800135c       0x64 ./Core/Src/stm32f1xx_hal_msp.o
                0x000000000800135c                HAL_MspInit
 .text.HAL_TIM_Base_MspInit
                0x00000000080013c0       0x48 ./Core/Src/stm32f1xx_hal_msp.o
                0x00000000080013c0                HAL_TIM_Base_MspInit
 .text.NMI_Handler
                0x0000000008001408        0x6 ./Core/Src/stm32f1xx_it.o
                0x0000000008001408                NMI_Handler
 .text.HardFault_Handler
                0x000000000800140e        0x6 ./Core/Src/stm32f1xx_it.o
                0x000000000800140e                HardFault_Handler
 .text.MemManage_Handler
                0x0000000008001414        0x6 ./Core/Src/stm32f1xx_it.o
                0x0000000008001414                MemManage_Handler
 .text.BusFault_Handler
                0x000000000800141a        0x6 ./Core/Src/stm32f1xx_it.o
                0x000000000800141a                BusFault_Handler
 .text.UsageFault_Handler
                0x0000000008001420        0x6 ./Core/Src/stm32f1xx_it.o
                0x0000000008001420                UsageFault_Handler
 .text.SVC_Handler
                0x0000000008001426        0xc ./Core/Src/stm32f1xx_it.o
                0x0000000008001426                SVC_Handler
 .text.DebugMon_Handler
                0x0000000008001432        0xc ./Core/Src/stm32f1xx_it.o
                0x0000000008001432                DebugMon_Handler
 .text.PendSV_Handler
                0x000000000800143e        0xc ./Core/Src/stm32f1xx_it.o
                0x000000000800143e                PendSV_Handler
 .text.SysTick_Handler
                0x000000000800144a        0xc ./Core/Src/stm32f1xx_it.o
                0x000000000800144a                SysTick_Handler
 *fill*         0x0000000008001456        0x2 
 .text.TIM2_IRQHandler
                0x0000000008001458       0x14 ./Core/Src/stm32f1xx_it.o
                0x0000000008001458                TIM2_IRQHandler
 .text._sbrk    0x000000000800146c       0x6c ./Core/Src/sysmem.o
                0x000000000800146c                _sbrk
 .text.SystemInit
                0x00000000080014d8        0xc ./Core/Src/system_stm32f1xx.o
                0x00000000080014d8                SystemInit
 .text.Reset_Handler
                0x00000000080014e4       0x48 ./Core/Startup/startup_stm32f103c6ux.o
                0x00000000080014e4                Reset_Handler
 .text.Default_Handler
                0x000000000800152c        0x2 ./Core/Startup/startup_stm32f103c6ux.o
                0x000000000800152c                RTC_Alarm_IRQHandler
                0x000000000800152c                EXTI2_IRQHandler
                0x000000000800152c                TIM1_CC_IRQHandler
                0x000000000800152c                PVD_IRQHandler
                0x000000000800152c                EXTI3_IRQHandler
                0x000000000800152c                EXTI0_IRQHandler
                0x000000000800152c                ADC1_2_IRQHandler
                0x000000000800152c                SPI1_IRQHandler
                0x000000000800152c                TAMPER_IRQHandler
                0x000000000800152c                DMA1_Channel4_IRQHandler
                0x000000000800152c                RTC_IRQHandler
                0x000000000800152c                DMA1_Channel7_IRQHandler
                0x000000000800152c                CAN1_RX1_IRQHandler
                0x000000000800152c                I2C1_EV_IRQHandler
                0x000000000800152c                DMA1_Channel6_IRQHandler
                0x000000000800152c                TIM3_IRQHandler
                0x000000000800152c                RCC_IRQHandler
                0x000000000800152c                TIM1_TRG_COM_IRQHandler
                0x000000000800152c                DMA1_Channel1_IRQHandler
                0x000000000800152c                Default_Handler
                0x000000000800152c                EXTI15_10_IRQHandler
                0x000000000800152c                EXTI9_5_IRQHandler
                0x000000000800152c                DMA1_Channel5_IRQHandler
                0x000000000800152c                EXTI4_IRQHandler
                0x000000000800152c                USB_LP_CAN1_RX0_IRQHandler
                0x000000000800152c                USB_HP_CAN1_TX_IRQHandler
                0x000000000800152c                DMA1_Channel3_IRQHandler
                0x000000000800152c                TIM1_UP_IRQHandler
                0x000000000800152c                WWDG_IRQHandler
                0x000000000800152c                TIM1_BRK_IRQHandler
                0x000000000800152c                EXTI1_IRQHandler
                0x000000000800152c                USART2_IRQHandler
                0x000000000800152c                DMA1_Channel2_IRQHandler
                0x000000000800152c                CAN1_SCE_IRQHandler
                0x000000000800152c                FLASH_IRQHandler
                0x000000000800152c                USART1_IRQHandler
                0x000000000800152c                I2C1_ER_IRQHandler
                0x000000000800152c                USBWakeUp_IRQHandler
 *fill*         0x000000000800152e        0x2 
 .text.HAL_Init
                0x0000000008001530       0x2c ./Drivers/STM32F1xx_HAL_Driver/Src/stm32f1xx_hal.o
                0x0000000008001530                HAL_Init
 .text.HAL_InitTick
                0x000000000800155c       0x60 ./Drivers/STM32F1xx_HAL_Driver/Src/stm32f1xx_hal.o
                0x000000000800155c                HAL_InitTick
 .text.HAL_IncTick
                0x00000000080015bc       0x24 ./Drivers/STM32F1xx_HAL_Driver/Src/stm32f1xx_hal.o
                0x00000000080015bc                HAL_IncTick
 .text.HAL_GetTick
                0x00000000080015e0       0x14 ./Drivers/STM32F1xx_HAL_Driver/Src/stm32f1xx_hal.o
                0x00000000080015e0                HAL_GetTick
 .text.__NVIC_SetPriorityGrouping
                0x00000000080015f4       0x48 ./Drivers/STM32F1xx_HAL_Driver/Src/stm32f1xx_hal_cortex.o
 .text.__NVIC_GetPriorityGrouping
                0x000000000800163c       0x1c ./Drivers/STM32F1xx_HAL_Driver/Src/stm32f1xx_hal_cortex.o
 .text.__NVIC_EnableIRQ
                0x0000000008001658       0x38 ./Drivers/STM32F1xx_HAL_Driver/Src/stm32f1xx_hal_cortex.o
 .text.__NVIC_SetPriority
                0x0000000008001690       0x54 ./Drivers/STM32F1xx_HAL_Driver/Src/stm32f1xx_hal_cortex.o
 .text.NVIC_EncodePriority
                0x00000000080016e4       0x64 ./Drivers/STM32F1xx_HAL_Driver/Src/stm32f1xx_hal_cortex.o
 .text.SysTick_Config
                0x0000000008001748       0x44 ./Drivers/STM32F1xx_HAL_Driver/Src/stm32f1xx_hal_cortex.o
 .text.HAL_NVIC_SetPriorityGrouping
                0x000000000800178c       0x16 ./Drivers/STM32F1xx_HAL_Driver/Src/stm32f1xx_hal_cortex.o
                0x000000000800178c                HAL_NVIC_SetPriorityGrouping
 .text.HAL_NVIC_SetPriority
                0x00000000080017a2       0x38 ./Drivers/STM32F1xx_HAL_Driver/Src/stm32f1xx_hal_cortex.o
                0x00000000080017a2                HAL_NVIC_SetPriority
 .text.HAL_NVIC_EnableIRQ
                0x00000000080017da       0x1c ./Drivers/STM32F1xx_HAL_Driver/Src/stm32f1xx_hal_cortex.o
                0x00000000080017da                HAL_NVIC_EnableIRQ
 .text.HAL_SYSTICK_Config
                0x00000000080017f6       0x18 ./Drivers/STM32F1xx_HAL_Driver/Src/stm32f1xx_hal_cortex.o
                0x00000000080017f6                HAL_SYSTICK_Config
 *fill*         0x000000000800180e        0x2 
 .text.HAL_GPIO_Init
                0x0000000008001810      0x2f4 ./Drivers/STM32F1xx_HAL_Driver/Src/stm32f1xx_hal_gpio.o
                0x0000000008001810                HAL_GPIO_Init
 .text.HAL_GPIO_ReadPin
                0x0000000008001b04       0x2e ./Drivers/STM32F1xx_HAL_Driver/Src/stm32f1xx_hal_gpio.o
                0x0000000008001b04                HAL_GPIO_ReadPin
 .text.HAL_GPIO_WritePin
                0x0000000008001b32       0x30 ./Drivers/STM32F1xx_HAL_Driver/Src/stm32f1xx_hal_gpio.o
                0x0000000008001b32                HAL_GPIO_WritePin
 *fill*         0x0000000008001b62        0x2 
 .text.HAL_PWR_EnterSLEEPMode
                0x0000000008001b64       0x38 ./Drivers/STM32F1xx_HAL_Driver/Src/stm32f1xx_hal_pwr.o
                0x0000000008001b64                HAL_PWR_EnterSLEEPMode
 .text.HAL_RCC_OscConfig
                0x0000000008001b9c      0x500 ./Drivers/STM32F1xx_HAL_Driver/Src/stm32f1xx_hal_rcc.o
                0x0000000008001b9c                HAL_RCC_OscConfig
 .text.HAL_RCC_ClockConfig
                0x000000000800209c      0x1d4 ./Drivers/STM32F1xx_HAL_Driver/Src/stm32f1xx_hal_rcc.o
                0x000000000800209c                HAL_RCC_ClockConfig
 .text.HAL_RCC_GetSysClockFreq
                0x0000000008002270       0xa8 ./Drivers/STM32F1xx_HAL_Driver/Src/stm32f1xx_hal_rcc.o
                0x0000000008002270                HAL_RCC_GetSysClockFreq
 .text.RCC_Delay
                0x0000000008002318       0x3c ./Drivers/STM32F1xx_HAL_Driver/Src/stm32f1xx_hal_rcc.o
 .text.HAL_TIM_Base_Init
                0x0000000008002354       0x9e ./Drivers/STM32F1xx_HAL_Driver/Src/stm32f1xx_hal_tim.o
                0x0000000008002354                HAL_TIM_Base_Init
 *fill*         0x00000000080023f2        0x2 
 .text.HAL_TIM_Base_Start_IT
                0x00000000080023f4       0x98 ./Drivers/STM32F1xx_HAL_Driver/Src/stm32f1xx_hal_tim.o
                0x00000000080023f4                HAL_TIM_Base_Start_IT
 .text.HAL_TIM_IRQHandler
                0x000000000800248c      0x210 ./Drivers/STM32F1xx_HAL_Driver/Src/stm32f1xx_hal_tim.o
                0x000000000800248c                HAL_TIM_IRQHandler
 .text.HAL_TIM_ConfigClockSource
                0x000000000800269c      0x18e ./Drivers/STM32F1xx_HAL_Driver/Src/stm32f1xx_hal_tim.o
                0x000000000800269c                HAL_TIM_ConfigClockSource
 .text.HAL_TIM_OC_DelayElapsedCallback
                0x000000000800282a       0x12 ./Drivers/STM32F1xx_HAL_Driver/Src/stm32f1xx_hal_tim.o
                0x000000000800282a                HAL_TIM_OC_DelayElapsedCallback
 .text.HAL_TIM_IC_CaptureCallback
                0x000000000800283c       0x12 ./Drivers/STM32F1xx_HAL_Driver/Src/stm32f1xx_hal_tim.o
                0x000000000800283c                HAL_TIM_IC_CaptureCallback
 .text.HAL_TIM_PWM_PulseFinishedCallback
                0x000000000800284e       0x12 ./Drivers/STM32F1xx_HAL_Driver/Src/stm32f1xx_hal_tim.o
                0x000000000800284e                HAL_TIM_PWM_PulseFinishedCallback
 .text.HAL_TIM_TriggerCallback
                0x0000000008002860       0x12 ./Drivers/STM32F1xx_HAL_Driver/Src/stm32f1xx_hal_tim.o
                0x0000000008002860                HAL_TIM_TriggerCallback
 *fill*         0x0000000008002872        0x2 
 .text.TIM_Base_SetConfig
                0x0000000008002874       0xb0 ./Drivers/STM32F1xx_HAL_Driver/Src/stm32f1xx_hal_tim.o
                0x0000000008002874                TIM_Base_SetConfig
 .text.TIM_TI1_ConfigInputStage
                0x0000000008002924       0x5c ./Drivers/STM32F1xx_HAL_Driver/Src/stm32f1xx_hal_tim.o
 .text.TIM_TI2_ConfigInputStage
                0x0000000008002980       0x5e ./Drivers/STM32F1xx_HAL_Driver/Src/stm32f1xx_hal_tim.o
 .text.TIM_ITRx_SetConfig
                0x00000000080029de       0x34 ./Drivers/STM32F1xx_HAL_Driver/Src/stm32f1xx_hal_tim.o
 .text.TIM_ETR_SetConfig
                0x0000000008002a12       0x3e ./Drivers/STM32F1xx_HAL_Driver/Src/stm32f1xx_hal_tim.o
                0x0000000008002a12                TIM_ETR_SetConfig
 .text.HAL_TIMEx_MasterConfigSynchronization
                0x0000000008002a50       0xb0 ./Drivers/STM32F1xx_HAL_Driver/Src/stm32f1xx_hal_tim_ex.o
                0x0000000008002a50                HAL_TIMEx_MasterConfigSynchronization
 .text.HAL_TIMEx_CommutCallback
                0x0000000008002b00       0x12 ./Drivers/STM32F1xx_HAL_Driver/Src/stm32f1xx_hal_tim_ex.o
                0x0000000008002b00                HAL_TIMEx_CommutCallback
 .text.HAL_TIMEx_BreakCallback
                0x0000000008002b12       0x12 ./Drivers/STM32F1xx_HAL_Driver/Src/stm32f1xx_hal_tim_ex.o
                0x0000000008002b12                HAL_TIMEx_BreakCallback
 .text.__errno  0x0000000008002b24        0xc c:/st/stm32cubeide_1.7.0/stm32cubeide/plugins/com.st.stm32cube.ide.mcu.externaltools.gnu-tools-for-stm32.9-2020-q2-update.win32_2.0.0.202105311346/tools/bin/../lib/gcc/arm-none-eabi/9.3.1/../../../../arm-none-eabi/lib/thumb/v7-m/nofp\libc_nano.a(lib_a-errno.o)
                0x0000000008002b24                __errno
 .text.__libc_init_array
                0x0000000008002b30       0x48 c:/st/stm32cubeide_1.7.0/stm32cubeide/plugins/com.st.stm32cube.ide.mcu.externaltools.gnu-tools-for-stm32.9-2020-q2-update.win32_2.0.0.202105311346/tools/bin/../lib/gcc/arm-none-eabi/9.3.1/../../../../arm-none-eabi/lib/thumb/v7-m/nofp\libc_nano.a(lib_a-init.o)
                0x0000000008002b30                __libc_init_array
 .text.malloc   0x0000000008002b78       0x10 c:/st/stm32cubeide_1.7.0/stm32cubeide/plugins/com.st.stm32cube.ide.mcu.externaltools.gnu-tools-for-stm32.9-2020-q2-update.win32_2.0.0.202105311346/tools/bin/../lib/gcc/arm-none-eabi/9.3.1/../../../../arm-none-eabi/lib/thumb/v7-m/nofp\libc_nano.a(lib_a-malloc.o)
                0x0000000008002b78                malloc
 .text.free     0x0000000008002b88       0x10 c:/st/stm32cubeide_1.7.0/stm32cubeide/plugins/com.st.stm32cube.ide.mcu.externaltools.gnu-tools-for-stm32.9-2020-q2-update.win32_2.0.0.202105311346/tools/bin/../lib/gcc/arm-none-eabi/9.3.1/../../../../arm-none-eabi/lib/thumb/v7-m/nofp\libc_nano.a(lib_a-malloc.o)
                0x0000000008002b88                free
 .text.memset   0x0000000008002b98       0x10 c:/st/stm32cubeide_1.7.0/stm32cubeide/plugins/com.st.stm32cube.ide.mcu.externaltools.gnu-tools-for-stm32.9-2020-q2-update.win32_2.0.0.202105311346/tools/bin/../lib/gcc/arm-none-eabi/9.3.1/../../../../arm-none-eabi/lib/thumb/v7-m/nofp\libc_nano.a(lib_a-memset.o)
                0x0000000008002b98                memset
 .text._free_r  0x0000000008002ba8       0x98 c:/st/stm32cubeide_1.7.0/stm32cubeide/plugins/com.st.stm32cube.ide.mcu.externaltools.gnu-tools-for-stm32.9-2020-q2-update.win32_2.0.0.202105311346/tools/bin/../lib/gcc/arm-none-eabi/9.3.1/../../../../arm-none-eabi/lib/thumb/v7-m/nofp\libc_nano.a(lib_a-nano-freer.o)
                0x0000000008002ba8                _free_r
 .text._malloc_r
                0x0000000008002c40       0xb4 c:/st/stm32cubeide_1.7.0/stm32cubeide/plugins/com.st.stm32cube.ide.mcu.externaltools.gnu-tools-for-stm32.9-2020-q2-update.win32_2.0.0.202105311346/tools/bin/../lib/gcc/arm-none-eabi/9.3.1/../../../../arm-none-eabi/lib/thumb/v7-m/nofp\libc_nano.a(lib_a-nano-mallocr.o)
                0x0000000008002c40                _malloc_r
 .text._sbrk_r  0x0000000008002cf4       0x20 c:/st/stm32cubeide_1.7.0/stm32cubeide/plugins/com.st.stm32cube.ide.mcu.externaltools.gnu-tools-for-stm32.9-2020-q2-update.win32_2.0.0.202105311346/tools/bin/../lib/gcc/arm-none-eabi/9.3.1/../../../../arm-none-eabi/lib/thumb/v7-m/nofp\libc_nano.a(lib_a-sbrkr.o)
                0x0000000008002cf4                _sbrk_r
 .text.__malloc_lock
                0x0000000008002d14        0xc c:/st/stm32cubeide_1.7.0/stm32cubeide/plugins/com.st.stm32cube.ide.mcu.externaltools.gnu-tools-for-stm32.9-2020-q2-update.win32_2.0.0.202105311346/tools/bin/../lib/gcc/arm-none-eabi/9.3.1/../../../../arm-none-eabi/lib/thumb/v7-m/nofp\libc_nano.a(lib_a-mlock.o)
                0x0000000008002d14                __malloc_lock
 .text.__malloc_unlock
                0x0000000008002d20        0xc c:/st/stm32cubeide_1.7.0/stm32cubeide/plugins/com.st.stm32cube.ide.mcu.externaltools.gnu-tools-for-stm32.9-2020-q2-update.win32_2.0.0.202105311346/tools/bin/../lib/gcc/arm-none-eabi/9.3.1/../../../../arm-none-eabi/lib/thumb/v7-m/nofp\libc_nano.a(lib_a-mlock.o)
                0x0000000008002d20                __malloc_unlock
 .text.__retarget_lock_acquire_recursive
                0x0000000008002d2c        0x2 c:/st/stm32cubeide_1.7.0/stm32cubeide/plugins/com.st.stm32cube.ide.mcu.externaltools.gnu-tools-for-stm32.9-2020-q2-update.win32_2.0.0.202105311346/tools/bin/../lib/gcc/arm-none-eabi/9.3.1/../../../../arm-none-eabi/lib/thumb/v7-m/nofp\libc_nano.a(lib_a-lock.o)
                0x0000000008002d2c                __retarget_lock_acquire_recursive
 .text.__retarget_lock_release_recursive
                0x0000000008002d2e        0x2 c:/st/stm32cubeide_1.7.0/stm32cubeide/plugins/com.st.stm32cube.ide.mcu.externaltools.gnu-tools-for-stm32.9-2020-q2-update.win32_2.0.0.202105311346/tools/bin/../lib/gcc/arm-none-eabi/9.3.1/../../../../arm-none-eabi/lib/thumb/v7-m/nofp\libc_nano.a(lib_a-lock.o)
                0x0000000008002d2e                __retarget_lock_release_recursive
 *(.glue_7)
 .glue_7        0x0000000008002d30        0x0 linker stubs
 *(.glue_7t)
 .glue_7t       0x0000000008002d30        0x0 linker stubs
 *(.eh_frame)
 .eh_frame      0x0000000008002d30        0x0 c:/st/stm32cubeide_1.7.0/stm32cubeide/plugins/com.st.stm32cube.ide.mcu.externaltools.gnu-tools-for-stm32.9-2020-q2-update.win32_2.0.0.202105311346/tools/bin/../lib/gcc/arm-none-eabi/9.3.1/thumb/v7-m/nofp/crtbegin.o
 *(.init)
 .init          0x0000000008002d30        0x4 c:/st/stm32cubeide_1.7.0/stm32cubeide/plugins/com.st.stm32cube.ide.mcu.externaltools.gnu-tools-for-stm32.9-2020-q2-update.win32_2.0.0.202105311346/tools/bin/../lib/gcc/arm-none-eabi/9.3.1/thumb/v7-m/nofp/crti.o
                0x0000000008002d30                _init
 .init          0x0000000008002d34        0x8 c:/st/stm32cubeide_1.7.0/stm32cubeide/plugins/com.st.stm32cube.ide.mcu.externaltools.gnu-tools-for-stm32.9-2020-q2-update.win32_2.0.0.202105311346/tools/bin/../lib/gcc/arm-none-eabi/9.3.1/thumb/v7-m/nofp/crtn.o
 *(.fini)
 .fini          0x0000000008002d3c        0x4 c:/st/stm32cubeide_1.7.0/stm32cubeide/plugins/com.st.stm32cube.ide.mcu.externaltools.gnu-tools-for-stm32.9-2020-q2-update.win32_2.0.0.202105311346/tools/bin/../lib/gcc/arm-none-eabi/9.3.1/thumb/v7-m/nofp/crti.o
                0x0000000008002d3c                _fini
 .fini          0x0000000008002d40        0x8 c:/st/stm32cubeide_1.7.0/stm32cubeide/plugins/com.st.stm32cube.ide.mcu.externaltools.gnu-tools-for-stm32.9-2020-q2-update.win32_2.0.0.202105311346/tools/bin/../lib/gcc/arm-none-eabi/9.3.1/thumb/v7-m/nofp/crtn.o
                0x0000000008002d48                . = ALIGN (0x4)
                0x0000000008002d48                _etext = .

.vfp11_veneer   0x0000000008002d48        0x0
 .vfp11_veneer  0x0000000008002d48        0x0 linker stubs

.v4_bx          0x0000000008002d48        0x0
 .v4_bx         0x0000000008002d48        0x0 linker stubs

.iplt           0x0000000008002d48        0x0
 .iplt          0x0000000008002d48        0x0 c:/st/stm32cubeide_1.7.0/stm32cubeide/plugins/com.st.stm32cube.ide.mcu.externaltools.gnu-tools-for-stm32.9-2020-q2-update.win32_2.0.0.202105311346/tools/bin/../lib/gcc/arm-none-eabi/9.3.1/thumb/v7-m/nofp/crtbegin.o

.rodata         0x0000000008002d48       0x24
                0x0000000008002d48                . = ALIGN (0x4)
 *(.rodata)
 *(.rodata*)
 .rodata.AHBPrescTable
                0x0000000008002d48       0x10 ./Core/Src/system_stm32f1xx.o
                0x0000000008002d48                AHBPrescTable
 .rodata.aPLLMULFactorTable.6032
                0x0000000008002d58       0x10 ./Drivers/STM32F1xx_HAL_Driver/Src/stm32f1xx_hal_rcc.o
 .rodata.aPredivFactorTable.6033
                0x0000000008002d68        0x2 ./Drivers/STM32F1xx_HAL_Driver/Src/stm32f1xx_hal_rcc.o
                0x0000000008002d6c                . = ALIGN (0x4)
 *fill*         0x0000000008002d6a        0x2 

.rel.dyn        0x0000000008002d6c        0x0
 .rel.iplt      0x0000000008002d6c        0x0 c:/st/stm32cubeide_1.7.0/stm32cubeide/plugins/com.st.stm32cube.ide.mcu.externaltools.gnu-tools-for-stm32.9-2020-q2-update.win32_2.0.0.202105311346/tools/bin/../lib/gcc/arm-none-eabi/9.3.1/thumb/v7-m/nofp/crtbegin.o

.ARM.extab      0x0000000008002d6c        0x0
                0x0000000008002d6c                . = ALIGN (0x4)
 *(.ARM.extab* .gnu.linkonce.armextab.*)
                0x0000000008002d6c                . = ALIGN (0x4)

.ARM            0x0000000008002d6c        0x0
                0x0000000008002d6c                . = ALIGN (0x4)
                0x0000000008002d6c                __exidx_start = .
 *(.ARM.exidx*)
                0x0000000008002d6c                __exidx_end = .
                0x0000000008002d6c                . = ALIGN (0x4)

.preinit_array  0x0000000008002d6c        0x0
                0x0000000008002d6c                . = ALIGN (0x4)
                0x0000000008002d6c                PROVIDE (__preinit_array_start = .)
 *(.preinit_array*)
                0x0000000008002d6c                PROVIDE (__preinit_array_end = .)
                0x0000000008002d6c                . = ALIGN (0x4)

.init_array     0x0000000008002d6c        0x4
                0x0000000008002d6c                . = ALIGN (0x4)
                0x0000000008002d6c                PROVIDE (__init_array_start = .)
 *(SORT_BY_NAME(.init_array.*))
 *(.init_array*)
 .init_array    0x0000000008002d6c        0x4 c:/st/stm32cubeide_1.7.0/stm32cubeide/plugins/com.st.stm32cube.ide.mcu.externaltools.gnu-tools-for-stm32.9-2020-q2-update.win32_2.0.0.202105311346/tools/bin/../lib/gcc/arm-none-eabi/9.3.1/thumb/v7-m/nofp/crtbegin.o
                0x0000000008002d70                PROVIDE (__init_array_end = .)
                0x0000000008002d70                . = ALIGN (0x4)

.fini_array     0x0000000008002d70        0x4
                0x0000000008002d70                . = ALIGN (0x4)
                [!provide]                        PROVIDE (__fini_array_start = .)
 *(SORT_BY_NAME(.fini_array.*))
 *(.fini_array*)
 .fini_array    0x0000000008002d70        0x4 c:/st/stm32cubeide_1.7.0/stm32cubeide/plugins/com.st.stm32cube.ide.mcu.externaltools.gnu-tools-for-stm32.9-2020-q2-update.win32_2.0.0.202105311346/tools/bin/../lib/gcc/arm-none-eabi/9.3.1/thumb/v7-m/nofp/crtbegin.o
                [!provide]                        PROVIDE (__fini_array_end = .)
                0x0000000008002d74                . = ALIGN (0x4)
                0x0000000008002d74                _sidata = LOADADDR (.data)

.data           0x0000000020000000       0xdc load address 0x0000000008002d74
                0x0000000020000000                . = ALIGN (0x4)
                0x0000000020000000                _sdata = .
 *(.data)
 *(.data*)
 .data.seg_config
                0x0000000020000000       0x28 ./Core/Src/7SEG_LEDs.o
                0x0000000020000000                seg_config
 .data.led_buffer
                0x0000000020000028       0x10 ./Core/Src/7SEG_LEDs.o
                0x0000000020000028                led_buffer
 .data.Hori_Status
                0x0000000020000038        0x4 ./Core/Src/LEDs.o
                0x0000000020000038                Hori_Status
 .data.Verti_Status
                0x000000002000003c        0x4 ./Core/Src/LEDs.o
                0x000000002000003c                Verti_Status
 .data.Blink_Status
                0x0000000020000040        0x1 ./Core/Src/fsm_mode.o
                0x0000000020000040                Blink_Status
 *fill*         0x0000000020000041        0x3 
 .data.counterKeyPress
                0x0000000020000044        0x4 ./Core/Src/global.o
                0x0000000020000044                counterKeyPress
 .data.mode     0x0000000020000048        0x4 ./Core/Src/global.o
                0x0000000020000048                mode
 .data.RED      0x000000002000004c        0x4 ./Core/Src/global.o
                0x000000002000004c                RED
 .data.AMBER    0x0000000020000050        0x4 ./Core/Src/global.o
                0x0000000020000050                AMBER
 .data.GREEN    0x0000000020000054        0x4 ./Core/Src/global.o
                0x0000000020000054                GREEN
 .data.RED_INIT
                0x0000000020000058        0x4 ./Core/Src/global.o
                0x0000000020000058                RED_INIT
 .data.AMBER_INIT
                0x000000002000005c        0x4 ./Core/Src/global.o
                0x000000002000005c                AMBER_INIT
 .data.GREEN_INIT
                0x0000000020000060        0x4 ./Core/Src/global.o
                0x0000000020000060                GREEN_INIT
 .data.SEG_Switch
                0x0000000020000064        0x4 ./Core/Src/global.o
                0x0000000020000064                SEG_Switch
 .data.LED_Blink
                0x0000000020000068        0x4 ./Core/Src/global.o
                0x0000000020000068                LED_Blink
 .data.SystemCoreClock
                0x000000002000006c        0x4 ./Core/Src/system_stm32f1xx.o
                0x000000002000006c                SystemCoreClock
 .data.uwTickPrio
                0x0000000020000070        0x4 ./Drivers/STM32F1xx_HAL_Driver/Src/stm32f1xx_hal.o
                0x0000000020000070                uwTickPrio
 .data.uwTickFreq
                0x0000000020000074        0x1 ./Drivers/STM32F1xx_HAL_Driver/Src/stm32f1xx_hal.o
                0x0000000020000074                uwTickFreq
 *fill*         0x0000000020000075        0x3 
 .data._impure_ptr
                0x0000000020000078        0x4 c:/st/stm32cubeide_1.7.0/stm32cubeide/plugins/com.st.stm32cube.ide.mcu.externaltools.gnu-tools-for-stm32.9-2020-q2-update.win32_2.0.0.202105311346/tools/bin/../lib/gcc/arm-none-eabi/9.3.1/../../../../arm-none-eabi/lib/thumb/v7-m/nofp\libc_nano.a(lib_a-impure.o)
                0x0000000020000078                _impure_ptr
 .data.impure_data
                0x000000002000007c       0x60 c:/st/stm32cubeide_1.7.0/stm32cubeide/plugins/com.st.stm32cube.ide.mcu.externaltools.gnu-tools-for-stm32.9-2020-q2-update.win32_2.0.0.202105311346/tools/bin/../lib/gcc/arm-none-eabi/9.3.1/../../../../arm-none-eabi/lib/thumb/v7-m/nofp\libc_nano.a(lib_a-impure.o)
 *(.RamFunc)
 *(.RamFunc*)
                0x00000000200000dc                . = ALIGN (0x4)
                0x00000000200000dc                _edata = .

.igot.plt       0x00000000200000dc        0x0 load address 0x0000000008002e50
 .igot.plt      0x00000000200000dc        0x0 c:/st/stm32cubeide_1.7.0/stm32cubeide/plugins/com.st.stm32cube.ide.mcu.externaltools.gnu-tools-for-stm32.9-2020-q2-update.win32_2.0.0.202105311346/tools/bin/../lib/gcc/arm-none-eabi/9.3.1/thumb/v7-m/nofp/crtbegin.o
                0x00000000200000dc                . = ALIGN (0x4)

.bss            0x00000000200000dc       0xd8 load address 0x0000000008002e50
                0x00000000200000dc                _sbss = .
                0x00000000200000dc                __bss_start__ = _sbss
 *(.bss)
 .bss           0x00000000200000dc       0x1c c:/st/stm32cubeide_1.7.0/stm32cubeide/plugins/com.st.stm32cube.ide.mcu.externaltools.gnu-tools-for-stm32.9-2020-q2-update.win32_2.0.0.202105311346/tools/bin/../lib/gcc/arm-none-eabi/9.3.1/thumb/v7-m/nofp/crtbegin.o
 *(.bss*)
 .bss.seg_index
                0x00000000200000f8        0x4 ./Core/Src/global.o
                0x00000000200000f8                seg_index
 .bss.count_val
                0x00000000200000fc        0x4 ./Core/Src/global.o
                0x00000000200000fc                count_val
 .bss.id        0x0000000020000100        0x4 ./Core/Src/scheduler.o
 .bss.head      0x0000000020000104        0x4 ./Core/Src/scheduler.o
 .bss.__sbrk_heap_end
                0x0000000020000108        0x4 ./Core/Src/sysmem.o
 .bss.__malloc_free_list
                0x000000002000010c        0x4 c:/st/stm32cubeide_1.7.0/stm32cubeide/plugins/com.st.stm32cube.ide.mcu.externaltools.gnu-tools-for-stm32.9-2020-q2-update.win32_2.0.0.202105311346/tools/bin/../lib/gcc/arm-none-eabi/9.3.1/../../../../arm-none-eabi/lib/thumb/v7-m/nofp\libc_nano.a(lib_a-nano-mallocr.o)
                0x000000002000010c                __malloc_free_list
 .bss.__malloc_sbrk_start
                0x0000000020000110        0x4 c:/st/stm32cubeide_1.7.0/stm32cubeide/plugins/com.st.stm32cube.ide.mcu.externaltools.gnu-tools-for-stm32.9-2020-q2-update.win32_2.0.0.202105311346/tools/bin/../lib/gcc/arm-none-eabi/9.3.1/../../../../arm-none-eabi/lib/thumb/v7-m/nofp\libc_nano.a(lib_a-nano-mallocr.o)
                0x0000000020000110                __malloc_sbrk_start
 *(COMMON)
 COMMON         0x0000000020000114       0x24 ./Core/Src/button.o
                0x0000000020000114                TimeOutForKeyPress
                0x0000000020000120                button_flag
                0x000000002000012c                KeyReg
 COMMON         0x0000000020000138       0x48 ./Core/Src/main.o
                0x0000000020000138                htim2
 COMMON         0x0000000020000180       0x20 ./Core/Src/software_timer.o
                0x0000000020000180                timer_counter
                0x0000000020000190                timer_flag
 COMMON         0x00000000200001a0        0x4 ./Drivers/STM32F1xx_HAL_Driver/Src/stm32f1xx_hal.o
                0x00000000200001a0                uwTick
 COMMON         0x00000000200001a4        0x4 c:/st/stm32cubeide_1.7.0/stm32cubeide/plugins/com.st.stm32cube.ide.mcu.externaltools.gnu-tools-for-stm32.9-2020-q2-update.win32_2.0.0.202105311346/tools/bin/../lib/gcc/arm-none-eabi/9.3.1/../../../../arm-none-eabi/lib/thumb/v7-m/nofp\libc_nano.a(lib_a-reent.o)
                0x00000000200001a4                errno
 COMMON         0x00000000200001a8        0x9 c:/st/stm32cubeide_1.7.0/stm32cubeide/plugins/com.st.stm32cube.ide.mcu.externaltools.gnu-tools-for-stm32.9-2020-q2-update.win32_2.0.0.202105311346/tools/bin/../lib/gcc/arm-none-eabi/9.3.1/../../../../arm-none-eabi/lib/thumb/v7-m/nofp\libc_nano.a(lib_a-lock.o)
                0x00000000200001a8                __lock___atexit_recursive_mutex
                0x00000000200001a9                __lock___arc4random_mutex
                0x00000000200001aa                __lock___env_recursive_mutex
                0x00000000200001ab                __lock___sinit_recursive_mutex
                0x00000000200001ac                __lock___malloc_recursive_mutex
                0x00000000200001ad                __lock___at_quick_exit_mutex
                0x00000000200001ae                __lock___dd_hash_mutex
                0x00000000200001af                __lock___tz_mutex
                0x00000000200001b0                __lock___sfp_recursive_mutex
                0x00000000200001b4                . = ALIGN (0x4)
 *fill*         0x00000000200001b1        0x3 
                0x00000000200001b4                _ebss = .
                0x00000000200001b4                __bss_end__ = _ebss

._user_heap_stack
                0x00000000200001b4      0x604 load address 0x0000000008002e50
                0x00000000200001b8                . = ALIGN (0x8)
 *fill*         0x00000000200001b4        0x4 
                [!provide]                        PROVIDE (end = .)
                0x00000000200001b8                PROVIDE (_end = .)
                0x00000000200003b8                . = (. + _Min_Heap_Size)
 *fill*         0x00000000200001b8      0x200 
                0x00000000200007b8                . = (. + _Min_Stack_Size)
 *fill*         0x00000000200003b8      0x400 
                0x00000000200007b8                . = ALIGN (0x8)

/DISCARD/
 libc.a(*)
 libm.a(*)
 libgcc.a(*)

.ARM.attributes
                0x0000000000000000       0x29
 *(.ARM.attributes)
 .ARM.attributes
                0x0000000000000000       0x1d c:/st/stm32cubeide_1.7.0/stm32cubeide/plugins/com.st.stm32cube.ide.mcu.externaltools.gnu-tools-for-stm32.9-2020-q2-update.win32_2.0.0.202105311346/tools/bin/../lib/gcc/arm-none-eabi/9.3.1/thumb/v7-m/nofp/crti.o
 .ARM.attributes
                0x000000000000001d       0x2d c:/st/stm32cubeide_1.7.0/stm32cubeide/plugins/com.st.stm32cube.ide.mcu.externaltools.gnu-tools-for-stm32.9-2020-q2-update.win32_2.0.0.202105311346/tools/bin/../lib/gcc/arm-none-eabi/9.3.1/thumb/v7-m/nofp/crtbegin.o
 .ARM.attributes
                0x000000000000004a       0x2d ./Core/Src/7SEG_LEDs.o
 .ARM.attributes
                0x0000000000000077       0x2d ./Core/Src/LEDs.o
 .ARM.attributes
                0x00000000000000a4       0x2d ./Core/Src/button.o
 .ARM.attributes
                0x00000000000000d1       0x2d ./Core/Src/fsm_mode.o
 .ARM.attributes
                0x00000000000000fe       0x33 ./Core/Src/global.o
 .ARM.attributes
                0x0000000000000131       0x2d ./Core/Src/main.o
 .ARM.attributes
                0x000000000000015e       0x2d ./Core/Src/scheduler.o
 .ARM.attributes
                0x000000000000018b       0x2d ./Core/Src/software_timer.o
 .ARM.attributes
                0x00000000000001b8       0x2d ./Core/Src/stm32f1xx_hal_msp.o
 .ARM.attributes
                0x00000000000001e5       0x2d ./Core/Src/stm32f1xx_it.o
 .ARM.attributes
                0x0000000000000212       0x2d ./Core/Src/sysmem.o
 .ARM.attributes
                0x000000000000023f       0x2d ./Core/Src/system_stm32f1xx.o
 .ARM.attributes
                0x000000000000026c       0x21 ./Core/Startup/startup_stm32f103c6ux.o
 .ARM.attributes
                0x000000000000028d       0x2d ./Drivers/STM32F1xx_HAL_Driver/Src/stm32f1xx_hal.o
 .ARM.attributes
                0x00000000000002ba       0x2d ./Drivers/STM32F1xx_HAL_Driver/Src/stm32f1xx_hal_cortex.o
 .ARM.attributes
                0x00000000000002e7       0x2d ./Drivers/STM32F1xx_HAL_Driver/Src/stm32f1xx_hal_gpio.o
 .ARM.attributes
                0x0000000000000314       0x2d ./Drivers/STM32F1xx_HAL_Driver/Src/stm32f1xx_hal_pwr.o
 .ARM.attributes
                0x0000000000000341       0x2d ./Drivers/STM32F1xx_HAL_Driver/Src/stm32f1xx_hal_rcc.o
 .ARM.attributes
                0x000000000000036e       0x2d ./Drivers/STM32F1xx_HAL_Driver/Src/stm32f1xx_hal_tim.o
 .ARM.attributes
                0x000000000000039b       0x2d ./Drivers/STM32F1xx_HAL_Driver/Src/stm32f1xx_hal_tim_ex.o
 .ARM.attributes
                0x00000000000003c8       0x2d c:/st/stm32cubeide_1.7.0/stm32cubeide/plugins/com.st.stm32cube.ide.mcu.externaltools.gnu-tools-for-stm32.9-2020-q2-update.win32_2.0.0.202105311346/tools/bin/../lib/gcc/arm-none-eabi/9.3.1/../../../../arm-none-eabi/lib/thumb/v7-m/nofp\libc_nano.a(lib_a-errno.o)
 .ARM.attributes
                0x00000000000003f5       0x2d c:/st/stm32cubeide_1.7.0/stm32cubeide/plugins/com.st.stm32cube.ide.mcu.externaltools.gnu-tools-for-stm32.9-2020-q2-update.win32_2.0.0.202105311346/tools/bin/../lib/gcc/arm-none-eabi/9.3.1/../../../../arm-none-eabi/lib/thumb/v7-m/nofp\libc_nano.a(lib_a-impure.o)
 .ARM.attributes
                0x0000000000000422       0x2d c:/st/stm32cubeide_1.7.0/stm32cubeide/plugins/com.st.stm32cube.ide.mcu.externaltools.gnu-tools-for-stm32.9-2020-q2-update.win32_2.0.0.202105311346/tools/bin/../lib/gcc/arm-none-eabi/9.3.1/../../../../arm-none-eabi/lib/thumb/v7-m/nofp\libc_nano.a(lib_a-init.o)
 .ARM.attributes
                0x000000000000044f       0x2d c:/st/stm32cubeide_1.7.0/stm32cubeide/plugins/com.st.stm32cube.ide.mcu.externaltools.gnu-tools-for-stm32.9-2020-q2-update.win32_2.0.0.202105311346/tools/bin/../lib/gcc/arm-none-eabi/9.3.1/../../../../arm-none-eabi/lib/thumb/v7-m/nofp\libc_nano.a(lib_a-malloc.o)
 .ARM.attributes
                0x000000000000047c       0x2d c:/st/stm32cubeide_1.7.0/stm32cubeide/plugins/com.st.stm32cube.ide.mcu.externaltools.gnu-tools-for-stm32.9-2020-q2-update.win32_2.0.0.202105311346/tools/bin/../lib/gcc/arm-none-eabi/9.3.1/../../../../arm-none-eabi/lib/thumb/v7-m/nofp\libc_nano.a(lib_a-memset.o)
 .ARM.attributes
                0x00000000000004a9       0x2d c:/st/stm32cubeide_1.7.0/stm32cubeide/plugins/com.st.stm32cube.ide.mcu.externaltools.gnu-tools-for-stm32.9-2020-q2-update.win32_2.0.0.202105311346/tools/bin/../lib/gcc/arm-none-eabi/9.3.1/../../../../arm-none-eabi/lib/thumb/v7-m/nofp\libc_nano.a(lib_a-nano-freer.o)
 .ARM.attributes
                0x00000000000004d6       0x2d c:/st/stm32cubeide_1.7.0/stm32cubeide/plugins/com.st.stm32cube.ide.mcu.externaltools.gnu-tools-for-stm32.9-2020-q2-update.win32_2.0.0.202105311346/tools/bin/../lib/gcc/arm-none-eabi/9.3.1/../../../../arm-none-eabi/lib/thumb/v7-m/nofp\libc_nano.a(lib_a-nano-mallocr.o)
 .ARM.attributes
                0x0000000000000503       0x2d c:/st/stm32cubeide_1.7.0/stm32cubeide/plugins/com.st.stm32cube.ide.mcu.externaltools.gnu-tools-for-stm32.9-2020-q2-update.win32_2.0.0.202105311346/tools/bin/../lib/gcc/arm-none-eabi/9.3.1/../../../../arm-none-eabi/lib/thumb/v7-m/nofp\libc_nano.a(lib_a-sbrkr.o)
 .ARM.attributes
                0x0000000000000530       0x2d c:/st/stm32cubeide_1.7.0/stm32cubeide/plugins/com.st.stm32cube.ide.mcu.externaltools.gnu-tools-for-stm32.9-2020-q2-update.win32_2.0.0.202105311346/tools/bin/../lib/gcc/arm-none-eabi/9.3.1/../../../../arm-none-eabi/lib/thumb/v7-m/nofp\libc_nano.a(lib_a-mlock.o)
 .ARM.attributes
                0x000000000000055d       0x2d c:/st/stm32cubeide_1.7.0/stm32cubeide/plugins/com.st.stm32cube.ide.mcu.externaltools.gnu-tools-for-stm32.9-2020-q2-update.win32_2.0.0.202105311346/tools/bin/../lib/gcc/arm-none-eabi/9.3.1/../../../../arm-none-eabi/lib/thumb/v7-m/nofp\libc_nano.a(lib_a-reent.o)
 .ARM.attributes
                0x000000000000058a       0x2d c:/st/stm32cubeide_1.7.0/stm32cubeide/plugins/com.st.stm32cube.ide.mcu.externaltools.gnu-tools-for-stm32.9-2020-q2-update.win32_2.0.0.202105311346/tools/bin/../lib/gcc/arm-none-eabi/9.3.1/../../../../arm-none-eabi/lib/thumb/v7-m/nofp\libc_nano.a(lib_a-lock.o)
 .ARM.attributes
                0x00000000000005b7       0x1d c:/st/stm32cubeide_1.7.0/stm32cubeide/plugins/com.st.stm32cube.ide.mcu.externaltools.gnu-tools-for-stm32.9-2020-q2-update.win32_2.0.0.202105311346/tools/bin/../lib/gcc/arm-none-eabi/9.3.1/thumb/v7-m/nofp/crtn.o
OUTPUT(Exercises_LAB3.elf elf32-littlearm)
LOAD linker stubs
LOAD c:/st/stm32cubeide_1.7.0/stm32cubeide/plugins/com.st.stm32cube.ide.mcu.externaltools.gnu-tools-for-stm32.9-2020-q2-update.win32_2.0.0.202105311346/tools/bin/../lib/gcc/arm-none-eabi/9.3.1/../../../../arm-none-eabi/lib/thumb/v7-m/nofp\libc.a
LOAD c:/st/stm32cubeide_1.7.0/stm32cubeide/plugins/com.st.stm32cube.ide.mcu.externaltools.gnu-tools-for-stm32.9-2020-q2-update.win32_2.0.0.202105311346/tools/bin/../lib/gcc/arm-none-eabi/9.3.1/../../../../arm-none-eabi/lib/thumb/v7-m/nofp\libm.a
LOAD c:/st/stm32cubeide_1.7.0/stm32cubeide/plugins/com.st.stm32cube.ide.mcu.externaltools.gnu-tools-for-stm32.9-2020-q2-update.win32_2.0.0.202105311346/tools/bin/../lib/gcc/arm-none-eabi/9.3.1/thumb/v7-m/nofp\libgcc.a

.debug_info     0x0000000000000000     0xbfc9
 .debug_info    0x0000000000000000      0x3e8 ./Core/Src/7SEG_LEDs.o
 .debug_info    0x00000000000003e8      0x317 ./Core/Src/LEDs.o
 .debug_info    0x00000000000006ff      0x37b ./Core/Src/button.o
 .debug_info    0x0000000000000a7a      0x311 ./Core/Src/fsm_mode.o
 .debug_info    0x0000000000000d8b      0x2b0 ./Core/Src/global.o
 .debug_info    0x000000000000103b     0x1504 ./Core/Src/main.o
 .debug_info    0x000000000000253f      0xd23 ./Core/Src/scheduler.o
 .debug_info    0x0000000000003262      0x341 ./Core/Src/software_timer.o
 .debug_info    0x00000000000035a3      0xa09 ./Core/Src/stm32f1xx_hal_msp.o
 .debug_info    0x0000000000003fac      0x7b9 ./Core/Src/stm32f1xx_it.o
 .debug_info    0x0000000000004765      0xa25 ./Core/Src/sysmem.o
 .debug_info    0x000000000000518a      0x2be ./Core/Src/system_stm32f1xx.o
 .debug_info    0x0000000000005448       0x22 ./Core/Startup/startup_stm32f103c6ux.o
 .debug_info    0x000000000000546a      0x74c ./Drivers/STM32F1xx_HAL_Driver/Src/stm32f1xx_hal.o
 .debug_info    0x0000000000005bb6      0xbbe ./Drivers/STM32F1xx_HAL_Driver/Src/stm32f1xx_hal_cortex.o
 .debug_info    0x0000000000006774      0x701 ./Drivers/STM32F1xx_HAL_Driver/Src/stm32f1xx_hal_gpio.o
 .debug_info    0x0000000000006e75      0x730 ./Drivers/STM32F1xx_HAL_Driver/Src/stm32f1xx_hal_pwr.o
 .debug_info    0x00000000000075a5      0x893 ./Drivers/STM32F1xx_HAL_Driver/Src/stm32f1xx_hal_rcc.o
 .debug_info    0x0000000000007e38     0x2c12 ./Drivers/STM32F1xx_HAL_Driver/Src/stm32f1xx_hal_tim.o
 .debug_info    0x000000000000aa4a     0x157f ./Drivers/STM32F1xx_HAL_Driver/Src/stm32f1xx_hal_tim_ex.o

.debug_abbrev   0x0000000000000000     0x231f
 .debug_abbrev  0x0000000000000000      0x1c2 ./Core/Src/7SEG_LEDs.o
 .debug_abbrev  0x00000000000001c2      0x11c ./Core/Src/LEDs.o
 .debug_abbrev  0x00000000000002de      0x165 ./Core/Src/button.o
 .debug_abbrev  0x0000000000000443      0x11e ./Core/Src/fsm_mode.o
 .debug_abbrev  0x0000000000000561       0xbc ./Core/Src/global.o
 .debug_abbrev  0x000000000000061d      0x2ab ./Core/Src/main.o
 .debug_abbrev  0x00000000000008c8      0x27a ./Core/Src/scheduler.o
 .debug_abbrev  0x0000000000000b42      0x15f ./Core/Src/software_timer.o
 .debug_abbrev  0x0000000000000ca1      0x1b7 ./Core/Src/stm32f1xx_hal_msp.o
 .debug_abbrev  0x0000000000000e58      0x176 ./Core/Src/stm32f1xx_it.o
 .debug_abbrev  0x0000000000000fce      0x1bf ./Core/Src/sysmem.o
 .debug_abbrev  0x000000000000118d      0x14e ./Core/Src/system_stm32f1xx.o
 .debug_abbrev  0x00000000000012db       0x12 ./Core/Startup/startup_stm32f103c6ux.o
 .debug_abbrev  0x00000000000012ed      0x1ed ./Drivers/STM32F1xx_HAL_Driver/Src/stm32f1xx_hal.o
 .debug_abbrev  0x00000000000014da      0x313 ./Drivers/STM32F1xx_HAL_Driver/Src/stm32f1xx_hal_cortex.o
 .debug_abbrev  0x00000000000017ed      0x1e8 ./Drivers/STM32F1xx_HAL_Driver/Src/stm32f1xx_hal_gpio.o
 .debug_abbrev  0x00000000000019d5      0x213 ./Drivers/STM32F1xx_HAL_Driver/Src/stm32f1xx_hal_pwr.o
 .debug_abbrev  0x0000000000001be8      0x273 ./Drivers/STM32F1xx_HAL_Driver/Src/stm32f1xx_hal_rcc.o
 .debug_abbrev  0x0000000000001e5b      0x25e ./Drivers/STM32F1xx_HAL_Driver/Src/stm32f1xx_hal_tim.o
 .debug_abbrev  0x00000000000020b9      0x266 ./Drivers/STM32F1xx_HAL_Driver/Src/stm32f1xx_hal_tim_ex.o

.debug_aranges  0x0000000000000000      0xb88
 .debug_aranges
                0x0000000000000000       0x40 ./Core/Src/7SEG_LEDs.o
 .debug_aranges
                0x0000000000000040       0x30 ./Core/Src/LEDs.o
 .debug_aranges
                0x0000000000000070       0x28 ./Core/Src/button.o
 .debug_aranges
                0x0000000000000098       0x30 ./Core/Src/fsm_mode.o
 .debug_aranges
                0x00000000000000c8       0x18 ./Core/Src/global.o
 .debug_aranges
                0x00000000000000e0       0x48 ./Core/Src/main.o
 .debug_aranges
                0x0000000000000128       0x58 ./Core/Src/scheduler.o
 .debug_aranges
                0x0000000000000180       0x58 ./Core/Src/software_timer.o
 .debug_aranges
                0x00000000000001d8       0x30 ./Core/Src/stm32f1xx_hal_msp.o
 .debug_aranges
                0x0000000000000208       0x68 ./Core/Src/stm32f1xx_it.o
 .debug_aranges
                0x0000000000000270       0x20 ./Core/Src/sysmem.o
 .debug_aranges
                0x0000000000000290       0x28 ./Core/Src/system_stm32f1xx.o
 .debug_aranges
                0x00000000000002b8       0x28 ./Core/Startup/startup_stm32f103c6ux.o
 .debug_aranges
                0x00000000000002e0       0xe0 ./Drivers/STM32F1xx_HAL_Driver/Src/stm32f1xx_hal.o
 .debug_aranges
                0x00000000000003c0      0x100 ./Drivers/STM32F1xx_HAL_Driver/Src/stm32f1xx_hal_cortex.o
 .debug_aranges
                0x00000000000004c0       0x58 ./Drivers/STM32F1xx_HAL_Driver/Src/stm32f1xx_hal_gpio.o
 .debug_aranges
                0x0000000000000518       0xa8 ./Drivers/STM32F1xx_HAL_Driver/Src/stm32f1xx_hal_pwr.o
 .debug_aranges
                0x00000000000005c0       0x90 ./Drivers/STM32F1xx_HAL_Driver/Src/stm32f1xx_hal_rcc.o
 .debug_aranges
                0x0000000000000650      0x3d0 ./Drivers/STM32F1xx_HAL_Driver/Src/stm32f1xx_hal_tim.o
 .debug_aranges
                0x0000000000000a20      0x168 ./Drivers/STM32F1xx_HAL_Driver/Src/stm32f1xx_hal_tim_ex.o

.debug_ranges   0x0000000000000000      0xa48
 .debug_ranges  0x0000000000000000       0x30 ./Core/Src/7SEG_LEDs.o
 .debug_ranges  0x0000000000000030       0x20 ./Core/Src/LEDs.o
 .debug_ranges  0x0000000000000050       0x18 ./Core/Src/button.o
 .debug_ranges  0x0000000000000068       0x20 ./Core/Src/fsm_mode.o
 .debug_ranges  0x0000000000000088       0x38 ./Core/Src/main.o
 .debug_ranges  0x00000000000000c0       0x48 ./Core/Src/scheduler.o
 .debug_ranges  0x0000000000000108       0x48 ./Core/Src/software_timer.o
 .debug_ranges  0x0000000000000150       0x20 ./Core/Src/stm32f1xx_hal_msp.o
 .debug_ranges  0x0000000000000170       0x58 ./Core/Src/stm32f1xx_it.o
 .debug_ranges  0x00000000000001c8       0x10 ./Core/Src/sysmem.o
 .debug_ranges  0x00000000000001d8       0x18 ./Core/Src/system_stm32f1xx.o
 .debug_ranges  0x00000000000001f0       0x20 ./Core/Startup/startup_stm32f103c6ux.o
 .debug_ranges  0x0000000000000210       0xd0 ./Drivers/STM32F1xx_HAL_Driver/Src/stm32f1xx_hal.o
 .debug_ranges  0x00000000000002e0       0xf0 ./Drivers/STM32F1xx_HAL_Driver/Src/stm32f1xx_hal_cortex.o
 .debug_ranges  0x00000000000003d0       0x48 ./Drivers/STM32F1xx_HAL_Driver/Src/stm32f1xx_hal_gpio.o
 .debug_ranges  0x0000000000000418       0x98 ./Drivers/STM32F1xx_HAL_Driver/Src/stm32f1xx_hal_pwr.o
 .debug_ranges  0x00000000000004b0       0x80 ./Drivers/STM32F1xx_HAL_Driver/Src/stm32f1xx_hal_rcc.o
 .debug_ranges  0x0000000000000530      0x3c0 ./Drivers/STM32F1xx_HAL_Driver/Src/stm32f1xx_hal_tim.o
 .debug_ranges  0x00000000000008f0      0x158 ./Drivers/STM32F1xx_HAL_Driver/Src/stm32f1xx_hal_tim_ex.o

.debug_macro    0x0000000000000000    0x1857d
 .debug_macro   0x0000000000000000      0x1ef ./Core/Src/7SEG_LEDs.o
 .debug_macro   0x00000000000001ef      0xa9c ./Core/Src/7SEG_LEDs.o
 .debug_macro   0x0000000000000c8b      0x215 ./Core/Src/7SEG_LEDs.o
 .debug_macro   0x0000000000000ea0       0x2e ./Core/Src/7SEG_LEDs.o
 .debug_macro   0x0000000000000ece       0x22 ./Core/Src/7SEG_LEDs.o
 .debug_macro   0x0000000000000ef0       0x22 ./Core/Src/7SEG_LEDs.o
 .debug_macro   0x0000000000000f12       0x8e ./Core/Src/7SEG_LEDs.o
 .debug_macro   0x0000000000000fa0       0x51 ./Core/Src/7SEG_LEDs.o
 .debug_macro   0x0000000000000ff1      0x103 ./Core/Src/7SEG_LEDs.o
 .debug_macro   0x00000000000010f4       0x6a ./Core/Src/7SEG_LEDs.o
 .debug_macro   0x000000000000115e      0x1df ./Core/Src/7SEG_LEDs.o
 .debug_macro   0x000000000000133d       0x1c ./Core/Src/7SEG_LEDs.o
 .debug_macro   0x0000000000001359       0x22 ./Core/Src/7SEG_LEDs.o
 .debug_macro   0x000000000000137b       0xc3 ./Core/Src/7SEG_LEDs.o
 .debug_macro   0x000000000000143e      0xd23 ./Core/Src/7SEG_LEDs.o
 .debug_macro   0x0000000000002161     0xde75 ./Core/Src/7SEG_LEDs.o
 .debug_macro   0x000000000000ffd6       0x6d ./Core/Src/7SEG_LEDs.o
 .debug_macro   0x0000000000010043     0x348d ./Core/Src/7SEG_LEDs.o
 .debug_macro   0x00000000000134d0      0x174 ./Core/Src/7SEG_LEDs.o
 .debug_macro   0x0000000000013644       0x5c ./Core/Src/7SEG_LEDs.o
 .debug_macro   0x00000000000136a0      0x5bc ./Core/Src/7SEG_LEDs.o
 .debug_macro   0x0000000000013c5c      0x1b7 ./Core/Src/7SEG_LEDs.o
 .debug_macro   0x0000000000013e13      0x1cb ./Core/Src/7SEG_LEDs.o
 .debug_macro   0x0000000000013fde      0x114 ./Core/Src/7SEG_LEDs.o
 .debug_macro   0x00000000000140f2      0x1b2 ./Core/Src/7SEG_LEDs.o
 .debug_macro   0x00000000000142a4       0x27 ./Core/Src/7SEG_LEDs.o
 .debug_macro   0x00000000000142cb      0x12f ./Core/Src/7SEG_LEDs.o
 .debug_macro   0x00000000000143fa      0x1bc ./Core/Src/7SEG_LEDs.o
 .debug_macro   0x00000000000145b6       0x34 ./Core/Src/7SEG_LEDs.o
 .debug_macro   0x00000000000145ea       0x3c ./Core/Src/7SEG_LEDs.o
 .debug_macro   0x0000000000014626       0x57 ./Core/Src/7SEG_LEDs.o
 .debug_macro   0x000000000001467d       0x87 ./Core/Src/7SEG_LEDs.o
 .debug_macro   0x0000000000014704      0x183 ./Core/Src/7SEG_LEDs.o
 .debug_macro   0x0000000000014887      0x140 ./Core/Src/7SEG_LEDs.o
 .debug_macro   0x00000000000149c7      0x8ed ./Core/Src/7SEG_LEDs.o
 .debug_macro   0x00000000000152b4       0x69 ./Core/Src/7SEG_LEDs.o
 .debug_macro   0x000000000001531d       0xf4 ./Core/Src/7SEG_LEDs.o
 .debug_macro   0x0000000000015411       0x8e ./Core/Src/7SEG_LEDs.o
 .debug_macro   0x000000000001549f      0x1ef ./Core/Src/LEDs.o
 .debug_macro   0x000000000001568e      0x1ef ./Core/Src/button.o
 .debug_macro   0x000000000001587d      0x1f3 ./Core/Src/fsm_mode.o
 .debug_macro   0x0000000000015a70      0x1eb ./Core/Src/global.o
 .debug_macro   0x0000000000015c5b      0x3c4 ./Core/Src/main.o
 .debug_macro   0x000000000001601f       0x52 ./Core/Src/main.o
 .debug_macro   0x0000000000016071       0x18 ./Core/Src/main.o
 .debug_macro   0x0000000000016089       0x3c ./Core/Src/main.o
 .debug_macro   0x00000000000160c5       0x34 ./Core/Src/main.o
 .debug_macro   0x00000000000160f9       0x16 ./Core/Src/main.o
 .debug_macro   0x000000000001610f       0x35 ./Core/Src/main.o
 .debug_macro   0x0000000000016144      0x333 ./Core/Src/main.o
 .debug_macro   0x0000000000016477       0x10 ./Core/Src/main.o
 .debug_macro   0x0000000000016487       0x16 ./Core/Src/main.o
 .debug_macro   0x000000000001649d       0x43 ./Core/Src/main.o
 .debug_macro   0x00000000000164e0       0x34 ./Core/Src/main.o
 .debug_macro   0x0000000000016514       0x10 ./Core/Src/main.o
 .debug_macro   0x0000000000016524       0x58 ./Core/Src/main.o
 .debug_macro   0x000000000001657c       0x71 ./Core/Src/main.o
 .debug_macro   0x00000000000165ed       0x1c ./Core/Src/main.o
 .debug_macro   0x0000000000016609      0x12a ./Core/Src/main.o
 .debug_macro   0x0000000000016733       0x10 ./Core/Src/main.o
 .debug_macro   0x0000000000016743       0x1c ./Core/Src/main.o
 .debug_macro   0x000000000001675f       0x52 ./Core/Src/main.o
 .debug_macro   0x00000000000167b1       0x22 ./Core/Src/main.o
 .debug_macro   0x00000000000167d3       0x10 ./Core/Src/main.o
 .debug_macro   0x00000000000167e3       0x40 ./Core/Src/main.o
 .debug_macro   0x0000000000016823       0xd5 ./Core/Src/main.o
 .debug_macro   0x00000000000168f8       0x1c ./Core/Src/main.o
 .debug_macro   0x0000000000016914       0x3d ./Core/Src/main.o
 .debug_macro   0x0000000000016951       0x16 ./Core/Src/main.o
 .debug_macro   0x0000000000016967      0x145 ./Core/Src/main.o
 .debug_macro   0x0000000000016aac       0x16 ./Core/Src/main.o
 .debug_macro   0x0000000000016ac2       0x16 ./Core/Src/main.o
 .debug_macro   0x0000000000016ad8       0x29 ./Core/Src/main.o
 .debug_macro   0x0000000000016b01       0x16 ./Core/Src/main.o
 .debug_macro   0x0000000000016b17       0x10 ./Core/Src/main.o
 .debug_macro   0x0000000000016b27       0x10 ./Core/Src/main.o
 .debug_macro   0x0000000000016b37       0x35 ./Core/Src/main.o
 .debug_macro   0x0000000000016b6c       0x10 ./Core/Src/main.o
 .debug_macro   0x0000000000016b7c      0x3c8 ./Core/Src/scheduler.o
 .debug_macro   0x0000000000016f44      0x1ef ./Core/Src/software_timer.o
 .debug_macro   0x0000000000017133      0x1a6 ./Core/Src/stm32f1xx_hal_msp.o
 .debug_macro   0x00000000000172d9      0x1b0 ./Core/Src/stm32f1xx_it.o
 .debug_macro   0x0000000000017489       0xff ./Core/Src/sysmem.o
 .debug_macro   0x0000000000017588      0x23b ./Core/Src/sysmem.o
 .debug_macro   0x00000000000177c3      0x197 ./Core/Src/system_stm32f1xx.o
 .debug_macro   0x000000000001795a      0x1bb ./Drivers/STM32F1xx_HAL_Driver/Src/stm32f1xx_hal.o
 .debug_macro   0x0000000000017b15      0x197 ./Drivers/STM32F1xx_HAL_Driver/Src/stm32f1xx_hal_cortex.o
 .debug_macro   0x0000000000017cac      0x202 ./Drivers/STM32F1xx_HAL_Driver/Src/stm32f1xx_hal_gpio.o
 .debug_macro   0x0000000000017eae      0x1f7 ./Drivers/STM32F1xx_HAL_Driver/Src/stm32f1xx_hal_pwr.o
 .debug_macro   0x00000000000180a5      0x1a9 ./Drivers/STM32F1xx_HAL_Driver/Src/stm32f1xx_hal_rcc.o
 .debug_macro   0x000000000001824e      0x198 ./Drivers/STM32F1xx_HAL_Driver/Src/stm32f1xx_hal_tim.o
 .debug_macro   0x00000000000183e6      0x197 ./Drivers/STM32F1xx_HAL_Driver/Src/stm32f1xx_hal_tim_ex.o

.debug_line     0x0000000000000000     0xdb72
 .debug_line    0x0000000000000000      0x8c8 ./Core/Src/7SEG_LEDs.o
 .debug_line    0x00000000000008c8      0x773 ./Core/Src/LEDs.o
 .debug_line    0x000000000000103b      0x759 ./Core/Src/button.o
 .debug_line    0x0000000000001794      0x7ba ./Core/Src/fsm_mode.o
 .debug_line    0x0000000000001f4e      0x694 ./Core/Src/global.o
 .debug_line    0x00000000000025e2      0xa03 ./Core/Src/main.o
 .debug_line    0x0000000000002fe5      0xac2 ./Core/Src/scheduler.o
 .debug_line    0x0000000000003aa7      0x7c5 ./Core/Src/software_timer.o
 .debug_line    0x000000000000426c      0x6a1 ./Core/Src/stm32f1xx_hal_msp.o
 .debug_line    0x000000000000490d      0x73f ./Core/Src/stm32f1xx_it.o
 .debug_line    0x000000000000504c      0x4f8 ./Core/Src/sysmem.o
 .debug_line    0x0000000000005544      0x6e3 ./Core/Src/system_stm32f1xx.o
 .debug_line    0x0000000000005c27       0x86 ./Core/Startup/startup_stm32f103c6ux.o
 .debug_line    0x0000000000005cad      0x910 ./Drivers/STM32F1xx_HAL_Driver/Src/stm32f1xx_hal.o
 .debug_line    0x00000000000065bd      0xaf8 ./Drivers/STM32F1xx_HAL_Driver/Src/stm32f1xx_hal_cortex.o
 .debug_line    0x00000000000070b5      0x993 ./Drivers/STM32F1xx_HAL_Driver/Src/stm32f1xx_hal_gpio.o
 .debug_line    0x0000000000007a48      0x892 ./Drivers/STM32F1xx_HAL_Driver/Src/stm32f1xx_hal_pwr.o
 .debug_line    0x00000000000082da      0xd1c ./Drivers/STM32F1xx_HAL_Driver/Src/stm32f1xx_hal_rcc.o
 .debug_line    0x0000000000008ff6     0x3346 ./Drivers/STM32F1xx_HAL_Driver/Src/stm32f1xx_hal_tim.o
 .debug_line    0x000000000000c33c     0x1836 ./Drivers/STM32F1xx_HAL_Driver/Src/stm32f1xx_hal_tim_ex.o

.debug_str      0x0000000000000000    0x870ad
 .debug_str     0x0000000000000000    0x7f8de ./Core/Src/7SEG_LEDs.o
                                      0x7fc59 (size before relaxing)
 .debug_str     0x000000000007f8de       0x55 ./Core/Src/LEDs.o
                                      0x7fc1c (size before relaxing)
 .debug_str     0x000000000007f933       0x6c ./Core/Src/button.o
                                      0x7fc33 (size before relaxing)
 .debug_str     0x000000000007f99f       0x3f ./Core/Src/fsm_mode.o
                                      0x7fc14 (size before relaxing)
 .debug_str     0x000000000007f9de       0x15 ./Core/Src/global.o
                                      0x7fb95 (size before relaxing)
 .debug_str     0x000000000007f9f3     0x4941 ./Core/Src/main.o
                                      0x84647 (size before relaxing)
 .debug_str     0x0000000000084334       0xa6 ./Core/Src/scheduler.o
                                      0x83f3b (size before relaxing)
 .debug_str     0x00000000000843da       0x9f ./Core/Src/software_timer.o
                                      0x7fc1f (size before relaxing)
 .debug_str     0x0000000000084479      0x2ba ./Core/Src/stm32f1xx_hal_msp.o
                                      0x8018a (size before relaxing)
 .debug_str     0x0000000000084733       0xcd ./Core/Src/stm32f1xx_it.o
                                      0x7feec (size before relaxing)
 .debug_str     0x0000000000084800      0x4e9 ./Core/Src/sysmem.o
                                       0x623e (size before relaxing)
 .debug_str     0x0000000000084ce9       0x52 ./Core/Src/system_stm32f1xx.o
                                      0x7f6c3 (size before relaxing)
 .debug_str     0x0000000000084d3b       0x52 ./Core/Startup/startup_stm32f103c6ux.o
 .debug_str     0x0000000000084d8d      0x304 ./Drivers/STM32F1xx_HAL_Driver/Src/stm32f1xx_hal.o
                                      0x7fd1a (size before relaxing)
 .debug_str     0x0000000000085091      0x300 ./Drivers/STM32F1xx_HAL_Driver/Src/stm32f1xx_hal_cortex.o
                                      0x7fd22 (size before relaxing)
 .debug_str     0x0000000000085391      0x316 ./Drivers/STM32F1xx_HAL_Driver/Src/stm32f1xx_hal_gpio.o
                                      0x7fa87 (size before relaxing)
 .debug_str     0x00000000000856a7      0x507 ./Drivers/STM32F1xx_HAL_Driver/Src/stm32f1xx_hal_pwr.o
                                      0x7fc26 (size before relaxing)
 .debug_str     0x0000000000085bae      0x243 ./Drivers/STM32F1xx_HAL_Driver/Src/stm32f1xx_hal_rcc.o
                                      0x7fac0 (size before relaxing)
 .debug_str     0x0000000000085df1      0xdce ./Drivers/STM32F1xx_HAL_Driver/Src/stm32f1xx_hal_tim.o
                                      0x80a99 (size before relaxing)
 .debug_str     0x0000000000086bbf      0x4ee ./Drivers/STM32F1xx_HAL_Driver/Src/stm32f1xx_hal_tim_ex.o
                                      0x8024a (size before relaxing)

.comment        0x0000000000000000       0x53
 .comment       0x0000000000000000       0x53 ./Core/Src/7SEG_LEDs.o
                                         0x54 (size before relaxing)
 .comment       0x0000000000000053       0x54 ./Core/Src/LEDs.o
 .comment       0x0000000000000053       0x54 ./Core/Src/button.o
 .comment       0x0000000000000053       0x54 ./Core/Src/fsm_mode.o
 .comment       0x0000000000000053       0x54 ./Core/Src/global.o
 .comment       0x0000000000000053       0x54 ./Core/Src/main.o
 .comment       0x0000000000000053       0x54 ./Core/Src/scheduler.o
 .comment       0x0000000000000053       0x54 ./Core/Src/software_timer.o
 .comment       0x0000000000000053       0x54 ./Core/Src/stm32f1xx_hal_msp.o
 .comment       0x0000000000000053       0x54 ./Core/Src/stm32f1xx_it.o
 .comment       0x0000000000000053       0x54 ./Core/Src/sysmem.o
 .comment       0x0000000000000053       0x54 ./Core/Src/system_stm32f1xx.o
 .comment       0x0000000000000053       0x54 ./Drivers/STM32F1xx_HAL_Driver/Src/stm32f1xx_hal.o
 .comment       0x0000000000000053       0x54 ./Drivers/STM32F1xx_HAL_Driver/Src/stm32f1xx_hal_cortex.o
 .comment       0x0000000000000053       0x54 ./Drivers/STM32F1xx_HAL_Driver/Src/stm32f1xx_hal_gpio.o
 .comment       0x0000000000000053       0x54 ./Drivers/STM32F1xx_HAL_Driver/Src/stm32f1xx_hal_pwr.o
 .comment       0x0000000000000053       0x54 ./Drivers/STM32F1xx_HAL_Driver/Src/stm32f1xx_hal_rcc.o
 .comment       0x0000000000000053       0x54 ./Drivers/STM32F1xx_HAL_Driver/Src/stm32f1xx_hal_tim.o
 .comment       0x0000000000000053       0x54 ./Drivers/STM32F1xx_HAL_Driver/Src/stm32f1xx_hal_tim_ex.o

.debug_frame    0x0000000000000000     0x2ed4
 .debug_frame   0x0000000000000000       0xbc ./Core/Src/7SEG_LEDs.o
 .debug_frame   0x00000000000000bc       0x64 ./Core/Src/LEDs.o
 .debug_frame   0x0000000000000120       0x5c ./Core/Src/button.o
 .debug_frame   0x000000000000017c       0x64 ./Core/Src/fsm_mode.o
 .debug_frame   0x00000000000001e0       0xd4 ./Core/Src/main.o
 .debug_frame   0x00000000000002b4      0x138 ./Core/Src/scheduler.o
 .debug_frame   0x00000000000003ec      0x130 ./Core/Src/software_timer.o
 .debug_frame   0x000000000000051c       0x80 ./Core/Src/stm32f1xx_hal_msp.o
 .debug_frame   0x000000000000059c      0x120 ./Core/Src/stm32f1xx_it.o
 .debug_frame   0x00000000000006bc       0x34 ./Core/Src/sysmem.o
 .debug_frame   0x00000000000006f0       0x58 ./Core/Src/system_stm32f1xx.o
 .debug_frame   0x0000000000000748      0x334 ./Drivers/STM32F1xx_HAL_Driver/Src/stm32f1xx_hal.o
 .debug_frame   0x0000000000000a7c      0x428 ./Drivers/STM32F1xx_HAL_Driver/Src/stm32f1xx_hal_cortex.o
 .debug_frame   0x0000000000000ea4      0x14c ./Drivers/STM32F1xx_HAL_Driver/Src/stm32f1xx_hal_gpio.o
 .debug_frame   0x0000000000000ff0      0x270 ./Drivers/STM32F1xx_HAL_Driver/Src/stm32f1xx_hal_pwr.o
 .debug_frame   0x0000000000001260      0x218 ./Drivers/STM32F1xx_HAL_Driver/Src/stm32f1xx_hal_rcc.o
 .debug_frame   0x0000000000001478     0x11b8 ./Drivers/STM32F1xx_HAL_Driver/Src/stm32f1xx_hal_tim.o
 .debug_frame   0x0000000000002630      0x638 ./Drivers/STM32F1xx_HAL_Driver/Src/stm32f1xx_hal_tim_ex.o
 .debug_frame   0x0000000000002c68       0x20 c:/st/stm32cubeide_1.7.0/stm32cubeide/plugins/com.st.stm32cube.ide.mcu.externaltools.gnu-tools-for-stm32.9-2020-q2-update.win32_2.0.0.202105311346/tools/bin/../lib/gcc/arm-none-eabi/9.3.1/../../../../arm-none-eabi/lib/thumb/v7-m/nofp\libc_nano.a(lib_a-errno.o)
 .debug_frame   0x0000000000002c88       0x2c c:/st/stm32cubeide_1.7.0/stm32cubeide/plugins/com.st.stm32cube.ide.mcu.externaltools.gnu-tools-for-stm32.9-2020-q2-update.win32_2.0.0.202105311346/tools/bin/../lib/gcc/arm-none-eabi/9.3.1/../../../../arm-none-eabi/lib/thumb/v7-m/nofp\libc_nano.a(lib_a-init.o)
 .debug_frame   0x0000000000002cb4       0x30 c:/st/stm32cubeide_1.7.0/stm32cubeide/plugins/com.st.stm32cube.ide.mcu.externaltools.gnu-tools-for-stm32.9-2020-q2-update.win32_2.0.0.202105311346/tools/bin/../lib/gcc/arm-none-eabi/9.3.1/../../../../arm-none-eabi/lib/thumb/v7-m/nofp\libc_nano.a(lib_a-malloc.o)
 .debug_frame   0x0000000000002ce4       0x20 c:/st/stm32cubeide_1.7.0/stm32cubeide/plugins/com.st.stm32cube.ide.mcu.externaltools.gnu-tools-for-stm32.9-2020-q2-update.win32_2.0.0.202105311346/tools/bin/../lib/gcc/arm-none-eabi/9.3.1/../../../../arm-none-eabi/lib/thumb/v7-m/nofp\libc_nano.a(lib_a-memset.o)
 .debug_frame   0x0000000000002d04       0x38 c:/st/stm32cubeide_1.7.0/stm32cubeide/plugins/com.st.stm32cube.ide.mcu.externaltools.gnu-tools-for-stm32.9-2020-q2-update.win32_2.0.0.202105311346/tools/bin/../lib/gcc/arm-none-eabi/9.3.1/../../../../arm-none-eabi/lib/thumb/v7-m/nofp\libc_nano.a(lib_a-nano-freer.o)
 .debug_frame   0x0000000000002d3c       0x30 c:/st/stm32cubeide_1.7.0/stm32cubeide/plugins/com.st.stm32cube.ide.mcu.externaltools.gnu-tools-for-stm32.9-2020-q2-update.win32_2.0.0.202105311346/tools/bin/../lib/gcc/arm-none-eabi/9.3.1/../../../../arm-none-eabi/lib/thumb/v7-m/nofp\libc_nano.a(lib_a-nano-mallocr.o)
 .debug_frame   0x0000000000002d6c       0x2c c:/st/stm32cubeide_1.7.0/stm32cubeide/plugins/com.st.stm32cube.ide.mcu.externaltools.gnu-tools-for-stm32.9-2020-q2-update.win32_2.0.0.202105311346/tools/bin/../lib/gcc/arm-none-eabi/9.3.1/../../../../arm-none-eabi/lib/thumb/v7-m/nofp\libc_nano.a(lib_a-sbrkr.o)
 .debug_frame   0x0000000000002d98       0x30 c:/st/stm32cubeide_1.7.0/stm32cubeide/plugins/com.st.stm32cube.ide.mcu.externaltools.gnu-tools-for-stm32.9-2020-q2-update.win32_2.0.0.202105311346/tools/bin/../lib/gcc/arm-none-eabi/9.3.1/../../../../arm-none-eabi/lib/thumb/v7-m/nofp\libc_nano.a(lib_a-mlock.o)
 .debug_frame   0x0000000000002dc8       0x5c c:/st/stm32cubeide_1.7.0/stm32cubeide/plugins/com.st.stm32cube.ide.mcu.externaltools.gnu-tools-for-stm32.9-2020-q2-update.win32_2.0.0.202105311346/tools/bin/../lib/gcc/arm-none-eabi/9.3.1/../../../../arm-none-eabi/lib/thumb/v7-m/nofp\libc_nano.a(lib_a-reent.o)
 .debug_frame   0x0000000000002e24       0xb0 c:/st/stm32cubeide_1.7.0/stm32cubeide/plugins/com.st.stm32cube.ide.mcu.externaltools.gnu-tools-for-stm32.9-2020-q2-update.win32_2.0.0.202105311346/tools/bin/../lib/gcc/arm-none-eabi/9.3.1/../../../../arm-none-eabi/lib/thumb/v7-m/nofp\libc_nano.a(lib_a-lock.o)
